     1                                  section	.text
     2                                     global  en_code
     3                                     global  de_code
     4                                  
     5                                  en_code:
     6 00000000 55                      	push	rbp
     7 00000001 4889E5                  	mov	rbp,rsp
     8 00000004 56                      	push	rsi
     9 00000005 8A4DF8                  	mov	cl,[rbp - 8]
    10 00000008 668B07                  	mov	ax,[rdi]
    11 0000000B 66D3C8                  	ror	ax,cl
    12 0000000E 6641894500              	mov	[r13],ax
    13 00000013 4C89E8                  	mov	rax,r13
    14 00000016 C9                      	leave
    15 00000017 C3                      	ret
    16                                  
    17                                  de_code:
    18 00000018 55                      	push	rbp
    19 00000019 4889E5                  	mov	rbp,rsp
    20 0000001C 56                      	push	rsi
    21 0000001D 8A4DF8                  	mov	cl,[rbp - 8]
    22 00000020 668B07                  	mov	ax,[rdi]
    23 00000023 66D3C0                  	rol	ax,cl
    24 00000026 6641894500              	mov	[r13],ax
    25 0000002B 4C89E8                  	mov	rax,r13
    26 0000002E C9                      	leave
    27 0000002F C3                      	ret
